58 500.392
60 505.35
70 529.923
80 557.276
90 586.081
100 607.216
