500 8.09375 0.1
500 3.73438 0.2
500 2.30469 0.3
500 1.61719 0.4
500 1.21484 0.5
500 0.949219 0.6
500 0.771484 0.7
500 0.638672 0.8
500 0.541016 0.9
500 0.462891 1
600 16.4375 0.1
600 7.53125 0.2
600 4.64062 0.3
600 3.23438 0.4
600 2.42969 0.5
600 1.89844 0.6
600 1.53516 0.7
600 1.26953 0.8
600 1.07422 0.9
600 0.917969 1
700 37.625 0.1
700 17.1875 0.2
700 10.5938 0.3
700 7.34375 0.4
700 5.51562 0.5
700 4.29688 0.6
700 3.45312 0.7
700 2.86719 0.8
700 2.41406 0.9
700 2.05469 1
800 92.25 0.1
800 42.125 0.2
800 25.8125 0.3
800 17.9062 0.4
800 13.3125 0.5
800 10.4062 0.6
800 8.40625 0.7
800 6.90625 0.8
800 5.82812 0.9
800 4.95312 1
900 226.25 0.1
900 103.5 0.2
900 63.625 0.3
900 44.25 0.4
900 33.125 0.5
900 25.8125 0.6
900 20.8125 0.7
900 17.1875 0.8
900 14.4375 0.9
900 12.3438 1
